<?xml version="1.0" encoding="UTF-8"?>
<TestRun id="0783cf3c-f3a3-4d9d-bf3c-77f52c318bf6" name="vincent@FANUCCI 2011-05-06 07:38:55" runUser="MARLON\vincent" xmlns="http://microsoft.com/schemas/VisualStudio/TeamTest/2010">
  <TestSettings name="Default Test Settings" id="f83b13e6-f70f-4fbc-8a42-094a52f6297a">
    <Deployment runDeploymentRoot="vincent_FANUCCI 2011-05-06 07_38_55">
      <DeploymentItem filename="C:\_projects\blog\Postback.Blog\bin\Postback.Blog.dll" />
    </Deployment>
    <Execution>
      <TestTypeSpecific />
      <AgentRule name="Execution Agents">
      </AgentRule>
    </Execution>
  </TestSettings>
  <Times creation="2011-05-06T07:38:55.8623047+02:00" queuing="2011-05-06T07:38:57.9218750+02:00" start="2011-05-06T07:38:58.2626954+02:00" finish="2011-05-06T07:39:08.8027344+02:00" />
  <ResultSummary outcome="Error">
    <Counters total="1" executed="1" error="0" failed="0" timeout="0" aborted="1" inconclusive="0" passedButRunAborted="0" notRunnable="0" notExecuted="0" disconnected="0" warning="0" passed="0" completed="0" inProgress="0" pending="0" />
    <RunInfos>
      <RunInfo computerName="FANUCCI" outcome="Error" timestamp="2011-05-06T07:39:08.8007813+02:00">
        <Text>Test host process exited unexpectedly.</Text>
      </RunInfo>
    </RunInfos>
  </ResultSummary>
  <TestDefinitions>
    <UnitTest name="Index" storage="c:\_projects\blog\postback.blog.tests\bin\debug\postback.blog.tests.dll" id="1f49a1ab-4433-422b-73a6-fd3b6cee204b">
      <Execution id="1bf41ace-818f-4196-b009-514f2c241228" />
      <TestMethod codeBase="C:/_projects/blog/Postback.Blog.Tests/bin/Debug/Postback.Blog.Tests.DLL" adapterTypeName="Microsoft.VisualStudio.TestTools.TestTypes.Unit.UnitTestAdapter, Microsoft.VisualStudio.QualityTools.Tips.UnitTest.Adapter, Version=10.0.0.0, Culture=neutral, PublicKeyToken=b03f5f7f11d50a3a" className="Postback.Blog.Tests.Controllers.HomeControllerTest, Postback.Blog.Tests, Version=1.0.0.0, Culture=neutral, PublicKeyToken=null" name="Index" />
    </UnitTest>
  </TestDefinitions>
  <TestLists>
    <TestList name="Results Not in a List" id="8c84fa94-04c1-424b-9868-57a2d4851a1d" />
    <TestList name="All Loaded Results" id="19431567-8539-422a-85d7-44ee4e166bda" />
  </TestLists>
  <TestEntries>
    <TestEntry testId="1f49a1ab-4433-422b-73a6-fd3b6cee204b" executionId="1bf41ace-818f-4196-b009-514f2c241228" testListId="8c84fa94-04c1-424b-9868-57a2d4851a1d" />
  </TestEntries>
  <Results>
    <UnitTestResult executionId="1bf41ace-818f-4196-b009-514f2c241228" testId="1f49a1ab-4433-422b-73a6-fd3b6cee204b" testName="Index" computerName="FANUCCI" duration="00:00:10.4101562" startTime="2011-05-06T07:38:58.3925782+02:00" endTime="2011-05-06T07:39:08.8027344+02:00" testType="13cdc9d9-ddb5-4fa4-a97d-d965ccfc6d4b" outcome="Aborted" testListId="8c84fa94-04c1-424b-9868-57a2d4851a1d" relativeResultsDirectory="1bf41ace-818f-4196-b009-514f2c241228">
    </UnitTestResult>
  </Results>
</TestRun>